[flixtv.volkovdesign.com/main/index.html]
[flixtv.volkovdesign.com/main/css/bootstrap-reboot.min.css]
[flixtv.volkovdesign.com/main/css/bootstrap-grid.min.css]
[flixtv.volkovdesign.com/main/css/owl.carousel.min.css]
[flixtv.volkovdesign.com/main/css/select2.min.css]
[flixtv.volkovdesign.com/main/css/magnific-popup.css]
[flixtv.volkovdesign.com/main/css/plyr.css]
[flixtv.volkovdesign.com/main/css/main.css]
[flixtv.volkovdesign.com/main/icon/favicon-32x32.png]
[backblue.gif]
[fade.gif]
[index.html]
[flixtv.volkovdesign.com/main/img/logo.svg]
[flixtv.volkovdesign.com/main/index2.html]
[flixtv.volkovdesign.com/main/index3.html]
[flixtv.volkovdesign.com/main/catalog.html]
[flixtv.volkovdesign.com/main/category.html]
[flixtv.volkovdesign.com/main/category2.html]
[flixtv.volkovdesign.com/main/details.html]
[flixtv.volkovdesign.com/main/details2.html]
[flixtv.volkovdesign.com/main/details3.html]
[flixtv.volkovdesign.com/main/pricing.html]
[flixtv.volkovdesign.com/main/live.html]
[flixtv.volkovdesign.com/main/about.html]
[flixtv.volkovdesign.com/main/profile.html]
[flixtv.volkovdesign.com/main/contacts.html]
[flixtv.volkovdesign.com/main/interview.html]
[flixtv.volkovdesign.com/main/privacy.html]
[flixtv.volkovdesign.com/main/signin.html]
[flixtv.volkovdesign.com/main/signup.html]
[flixtv.volkovdesign.com/main/forgot.html]
[flixtv.volkovdesign.com/main/img/home/1.jpg]
[flixtv.volkovdesign.com/main/img/home/2.jpg]
[flixtv.volkovdesign.com/main/img/home/3.jpg]
[flixtv.volkovdesign.com/main/img/home/4.jpg]
[flixtv.volkovdesign.com/main/img/home/5.jpg]
[flixtv.volkovdesign.com/main/img/home/6.jpg]
[flixtv.volkovdesign.com/main/img/home/7.jpg]
[flixtv.volkovdesign.com/main/img/home/8.jpg]
[flixtv.volkovdesign.com/main/img/card/1.png]
[flixtv.volkovdesign.com/main/img/card/2.png]
[flixtv.volkovdesign.com/main/img/card/3.png]
[flixtv.volkovdesign.com/main/img/card/4.png]
[flixtv.volkovdesign.com/main/img/card/5.png]
[flixtv.volkovdesign.com/main/img/card/6.png]
[flixtv.volkovdesign.com/main/img/card/7.png]
[flixtv.volkovdesign.com/main/img/card/8.png]
[flixtv.volkovdesign.com/main/img/card/9.png]
[flixtv.volkovdesign.com/main/img/card/10.png]
[flixtv.volkovdesign.com/main/img/card/11.png]
[flixtv.volkovdesign.com/main/img/card/12.png]
[flixtv.volkovdesign.com/main/img/card/13.png]
[flixtv.volkovdesign.com/main/img/card/14.png]
[flixtv.volkovdesign.com/main/img/card/15.png]
[flixtv.volkovdesign.com/main/img/card/16.png]
[flixtv.volkovdesign.com/main/img/card/17.png]
[flixtv.volkovdesign.com/main/img/card/18.png]
[flixtv.volkovdesign.com/main/img/interview/1.jpg]
[flixtv.volkovdesign.com/main/img/interview/2.jpg]
[flixtv.volkovdesign.com/main/img/interview/3.jpg]
[flixtv.volkovdesign.com/main/img/interview/4.jpg]
[flixtv.volkovdesign.com/main/img/interview/5.jpg]
[flixtv.volkovdesign.com/main/img/interview/6.jpg]
[flixtv.volkovdesign.com/main/js/jquery-3.5.1.min.js]
[flixtv.volkovdesign.com/main/js/bootstrap.bundle.min.js]
[flixtv.volkovdesign.com/main/js/owl.carousel.min.js]
[flixtv.volkovdesign.com/main/js/slider-radio.js]
[flixtv.volkovdesign.com/main/js/select2.min.js]
[flixtv.volkovdesign.com/main/js/smooth-scrollbar.js]
[flixtv.volkovdesign.com/main/js/jquery.magnific-popup.min.js]
[flixtv.volkovdesign.com/main/js/plyr.min.js]
[flixtv.volkovdesign.com/main/index.html]
[flixtv.volkovdesign.com/main/css/bootstrap-reboot.min.css]
[flixtv.volkovdesign.com/main/css/bootstrap-grid.min.css]
[flixtv.volkovdesign.com/main/js/main.js]
[flixtv.volkovdesign.com/main/css/owl.carousel.min.css]
[flixtv.volkovdesign.com/main/css/slider-radio.css]
[flixtv.volkovdesign.com/main/css/select2.min.css]
[flixtv.volkovdesign.com/main/css/magnific-popup.css]
[flixtv.volkovdesign.com/main/css/plyr.css]
[flixtv.volkovdesign.com/main/css/main.css]
[flixtv.volkovdesign.com/main/img/logo.svg]
[flixtv.volkovdesign.com/main/index2.html]
[flixtv.volkovdesign.com/main/index3.html]
[flixtv.volkovdesign.com/main/img/category/1.jpg]
[flixtv.volkovdesign.com/main/img/category/2.jpg]
[flixtv.volkovdesign.com/main/img/category/3.jpg]
[flixtv.volkovdesign.com/main/img/category/4.jpg]
[flixtv.volkovdesign.com/main/img/category/5.jpg]
[flixtv.volkovdesign.com/main/img/category/6.jpg]
[flixtv.volkovdesign.com/main/img/category/7.jpg]
[flixtv.volkovdesign.com/main/img/category/8.jpg]
[flixtv.volkovdesign.com/main/catalog.html]
[flixtv.volkovdesign.com/main/category.html]
[flixtv.volkovdesign.com/main/category2.html]
[flixtv.volkovdesign.com/main/img/details.jpg]
[cdn.plyr.io/static/demo/View_From_A_Blue_Moon_Trailer-HD.jpg]
[flixtv.volkovdesign.com/main/img/series/1.jpg]
[flixtv.volkovdesign.com/main/img/series/2.jpg]
[flixtv.volkovdesign.com/main/img/series/3.jpg]
[flixtv.volkovdesign.com/main/img/series/4.jpg]
[flixtv.volkovdesign.com/main/img/series/5.jpg]
[flixtv.volkovdesign.com/main/img/series/6.jpg]
[flixtv.volkovdesign.com/main/details.html]
[flixtv.volkovdesign.com/main/details2.html]
[flixtv.volkovdesign.com/main/details3.html]
[flixtv.volkovdesign.com/main/img/partners/3docean-light-background.png]
[flixtv.volkovdesign.com/main/img/partners/activeden-light-background.png]
[flixtv.volkovdesign.com/main/img/partners/audiojungle-light-background.png]
[flixtv.volkovdesign.com/main/img/partners/codecanyon-light-background.png]
[flixtv.volkovdesign.com/main/img/partners/photodune-light-background.png]
[flixtv.volkovdesign.com/main/img/partners/themeforest-light-background.png]
[flixtv.volkovdesign.com/main/pricing.html]
[flixtv.volkovdesign.com/main/img/live/1.jpg]
[flixtv.volkovdesign.com/main/img/live/2.jpg]
[flixtv.volkovdesign.com/main/img/live/3.jpg]
[flixtv.volkovdesign.com/main/img/live/4.jpg]
[flixtv.volkovdesign.com/main/img/live/5.jpg]
[flixtv.volkovdesign.com/main/img/live/6.jpg]
[flixtv.volkovdesign.com/main/live.html]
[flixtv.volkovdesign.com/main/about.html]
[flixtv.volkovdesign.com/main/profile.html]
[flixtv.volkovdesign.com/main/contacts.html]
[flixtv.volkovdesign.com/main/interview.html]
[flixtv.volkovdesign.com/main/privacy.html]
[flixtv.volkovdesign.com/main/img/bg.jpg]
[flixtv.volkovdesign.com/main/signin.html]
[flixtv.volkovdesign.com/main/signup.html]
[flixtv.volkovdesign.com/main/forgot.html]
[flixtv.volkovdesign.com/main/404.html]
[flixtv.volkovdesign.com/main/css/owl.video.play.html]
[flixtv.volkovdesign.com/main/img/breadcrumb.svg]
[flixtv.volkovdesign.com/main/img/arrow2.svg]
[flixtv.volkovdesign.com/main/img/checkmark.svg]
[flixtv.volkovdesign.com/main/img/close.svg]
[flixtv.volkovdesign.com/main/img/play.svg]
[flixtv.volkovdesign.com/main/details.html.html]
[flixtv.volkovdesign.com/main/img/avatar.svg]
